// Jest Snapshot v1, https://jestjs.io/docs/snapshot-testing

exports[`renders homepage unchanged 1`] = `
<div>
  <div
    class="min-h-screen flex flex-col"
  >
    <div
      class="bg-Yellow w-full flex sticky top-0 left-0"
    >
      <a
        class="w-5/12"
        href="/"
      >
        <img
          alt="Funding Logo"
          class="justify-start"
          height="175"
          src="/Logo1.png"
          width="175"
        />
      </a>
      <h1
        class="hidden sm:flex sm:w-7/12 text-3xl my-auto"
      >
        SponsorMatch
      </h1>
    </div>
    <div
      class="fixed top-0 right-0 h-[50px] bg-Yellow z-[200] flex items-center space-x-4 justify-end pr-4 "
    >
      <a
        href="/login"
      >
        <button
          class="px-4 py-2 font-Body bg-Yellow hover:bg-White rounded sicky z-200"
        >
          Login
        </button>
      </a>
      <a
        href="/register"
      >
        <button
          class="px-4 py-2 font-Body bg-Yellow hover:bg-White rounded sticky z-200"
        >
          Sign Up
        </button>
      </a>
    </div>
    <main
      class="mx-2 sm:mx-0"
    >
      <div
        class="h-screen w-full place-content-center sm:flex sm:mb-15"
      >
        <div
          class="mb-5 text-center flex-1 flex flex-col items-center justify-center w-full w-1/3 sm:px-20 sm:text-left sm:items-start"
        >
          <p
            class="text-2xl font-Body mb-4 px-5 sm:px-0"
          >
            A platform where grassroots sports clubs, community groups, and voluntary organisations connect with companies seeking meaningful partnerships. Build relationships that strengthen communities.
          </p>
          <a
            href="/register"
          >
            <button
              class="flex items-center justify-center px-6 py-3 bg-Yellow hover:bg-[#f0c23c] rounded-lg font-Body sm:justify-start"
            >
              Get Started
              <svg
                aria-hidden="true"
                class="svg-inline--fa fa-arrow-right ml-2"
                data-icon="arrow-right"
                data-prefix="fas"
                role="img"
                viewBox="0 0 512 512"
              >
                <path
                  d="M502.6 278.6c12.5-12.5 12.5-32.8 0-45.3l-160-160c-12.5-12.5-32.8-12.5-45.3 0s-12.5 32.8 0 45.3L402.7 224 32 224c-17.7 0-32 14.3-32 32s14.3 32 32 32l370.7 0-105.4 105.4c-12.5 12.5-12.5 32.8 0 45.3s32.8 12.5 45.3 0l160-160z"
                  fill="currentColor"
                />
              </svg>
            </button>
          </a>
        </div>
        <div
          class="sm:flex-2 my-auto"
        >
          <img
            alt="Side Image"
            class="w-full object-cover rounded-3xl sm:rounded-l-3xl sm:rounded-r-none"
            src="/LandingPageImage2.png"
          />
        </div>
      </div>
      <div
        class="sm:mx-20"
      >
        <p
          class="text-center text-md font-Body mb-2"
        >
          Features
        </p>
        <h1
          class="text-center text-3xl font-Body font-bold text-Black mb-5 sm:text-left"
        >
          How it works:
        </h1>
        <p
          class="text-Body text-md text-center mx-5 text-gray-500 mb-10"
        >
          A simple process to connect community organisations with corporate partners.
        </p>
        <div
          class="sm:grid sm:grid-cols-2 sm:gap-4 px-10"
        >
          <div
            class="flex flex-col items-center mb-10 sm:flex-row gap-2"
          >
            <svg
              aria-hidden="true"
              class="svg-inline--fa fa-user border-none bg-Yellow rounded-lg p-2 text-3xl sm:text-5xl"
              data-icon="user"
              data-prefix="far"
              role="img"
              viewBox="0 0 448 512"
            >
              <path
                d="M144 128a80 80 0 1 1 160 0 80 80 0 1 1 -160 0zm208 0a128 128 0 1 0 -256 0 128 128 0 1 0 256 0zM48 480c0-70.7 57.3-128 128-128l96 0c70.7 0 128 57.3 128 128l0 8c0 13.3 10.7 24 24 24s24-10.7 24-24l0-8c0-97.2-78.8-176-176-176l-96 0C78.8 304 0 382.8 0 480l0 8c0 13.3 10.7 24 24 24s24-10.7 24-24l0-8z"
                fill="currentColor"
              />
            </svg>
            <div
              class="text-center sm:text-left sm:mx-5"
            >
              <p
                class="text-2xl font-Body"
              >
                For Community Organisations
              </p>
              <p
                class="font-Body text-gray-500"
              >
                Sports clubs, community groups and voluntary organisations can create campaigns, showcase their impact and connect with corprate partners.
              </p>
            </div>
          </div>
          <div
            class="flex flex-col items-center mb-10 sm:flex-row gap-2"
          >
            <svg
              aria-hidden="true"
              class="svg-inline--fa fa-heart border-none bg-Yellow rounded-lg p-2 text-3xl sm:text-5xl"
              data-icon="heart"
              data-prefix="far"
              role="img"
              viewBox="0 0 512 512"
            >
              <path
                d="M378.9 80c-27.3 0-53 13.1-69 35.2l-34.4 47.6c-4.5 6.2-11.7 9.9-19.4 9.9s-14.9-3.7-19.4-9.9l-34.4-47.6c-16-22.1-41.7-35.2-69-35.2-47 0-85.1 38.1-85.1 85.1 0 49.9 32 98.4 68.1 142.3 41.1 50 91.4 94 125.9 120.3 3.2 2.4 7.9 4.2 14 4.2s10.8-1.8 14-4.2c34.5-26.3 84.8-70.4 125.9-120.3 36.2-43.9 68.1-92.4 68.1-142.3 0-47-38.1-85.1-85.1-85.1zM271 87.1c25-34.6 65.2-55.1 107.9-55.1 73.5 0 133.1 59.6 133.1 133.1 0 68.6-42.9 128.9-79.1 172.8-44.1 53.6-97.3 100.1-133.8 127.9-12.3 9.4-27.5 14.1-43.1 14.1s-30.8-4.7-43.1-14.1C176.4 438 123.2 391.5 79.1 338 42.9 294.1 0 233.7 0 165.1 0 91.6 59.6 32 133.1 32 175.8 32 216 52.5 241 87.1l15 20.7 15-20.7z"
                fill="currentColor"
              />
            </svg>
            <div
              class="text-center sm:text-left sm:mx-5"
            >
              <p
                class="text-2xl font-Body"
              >
                Meaningful Partnerships
              </p>
              <p
                class="font-Body text-gray-500"
              >
                Build relationships that go beyond financial support, creating lasting impact in your local community.
              </p>
            </div>
          </div>
          <div
            class="flex flex-col items-center mb-10 sm:flex-row gap-2"
          >
            <svg
              aria-hidden="true"
              class="svg-inline--fa fa-building border-none bg-Yellow rounded-lg p-2 text-3xl sm:text-5xl"
              data-icon="building"
              data-prefix="far"
              role="img"
              viewBox="0 0 384 512"
            >
              <path
                d="M64 48c-8.8 0-16 7.2-16 16l0 384c0 8.8 7.2 16 16 16l80 0 0-80c0-17.7 14.3-32 32-32l32 0c17.7 0 32 14.3 32 32l0 80 80 0c8.8 0 16-7.2 16-16l0-384c0-8.8-7.2-16-16-16L64 48zM0 64C0 28.7 28.7 0 64 0L320 0c35.3 0 64 28.7 64 64l0 384c0 35.3-28.7 64-64 64L64 512c-35.3 0-64-28.7-64-64L0 64zm96 48c0-8.8 7.2-16 16-16l32 0c8.8 0 16 7.2 16 16l0 32c0 8.8-7.2 16-16 16l-32 0c-8.8 0-16-7.2-16-16l0-32zM240 96l32 0c8.8 0 16 7.2 16 16l0 32c0 8.8-7.2 16-16 16l-32 0c-8.8 0-16-7.2-16-16l0-32c0-8.8 7.2-16 16-16zM96 240c0-8.8 7.2-16 16-16l32 0c8.8 0 16 7.2 16 16l0 32c0 8.8-7.2 16-16 16l-32 0c-8.8 0-16-7.2-16-16l0-32zm144-16l32 0c8.8 0 16 7.2 16 16l0 32c0 8.8-7.2 16-16 16l-32 0c-8.8 0-16-7.2-16-16l0-32c0-8.8 7.2-16 16-16z"
                fill="currentColor"
              />
            </svg>
            <div
              class="text-center sm:text-left sm:mx-5"
            >
              <p
                class="text-2xl font-Body"
              >
                For Corporate Partners
              </p>
              <p
                class="font-Body text-gray-500"
              >
                Discover local causes aligned with your CSR goals, choose partnership packages and track your community impact.
              </p>
            </div>
          </div>
          <div
            class="flex flex-col items-center mb-10 sm:flex-row gap-2"
          >
            <svg
              aria-hidden="true"
              class="svg-inline--fa fa-chart-bar border-none bg-Yellow rounded-lg p-2 text-3xl sm:text-5xl"
              data-icon="chart-bar"
              data-prefix="far"
              role="img"
              viewBox="0 0 512 512"
            >
              <path
                d="M48 56c0-13.3-10.7-24-24-24S0 42.7 0 56L0 400c0 44.2 35.8 80 80 80l408 0c13.3 0 24-10.7 24-24s-10.7-24-24-24L80 432c-17.7 0-32-14.3-32-32L48 56zm104 72l208 0c13.3 0 24-10.7 24-24s-10.7-24-24-24L152 80c-13.3 0-24 10.7-24 24s10.7 24 24 24zm0 64c-13.3 0-24 10.7-24 24s10.7 24 24 24l144 0c13.3 0 24-10.7 24-24s-10.7-24-24-24l-144 0zm0 112c-13.3 0-24 10.7-24 24s10.7 24 24 24l272 0c13.3 0 24-10.7 24-24s-10.7-24-24-24l-272 0z"
                fill="currentColor"
              />
            </svg>
            <div
              class="text-center sm:text-left sm:mx-5"
            >
              <p
                class="text-2xl font-Body"
              >
                Measure Impact
              </p>
              <p
                class="font-Body text-gray-500"
              >
                Track and Report on the difference your partnership makes with deatailed impact reports for CSR reporting.
              </p>
            </div>
          </div>
        </div>
        <div
          class="py-30 px-5 sm:flex sm:justify-between"
        >
          <div
            class="font-Body text-3xl pb-5"
          >
            <h1>
              Ready to get started?
            </h1>
            <h1>
              Join our platform today.
            </h1>
          </div>
          <a
            href="/register"
          >
            <button
              class="flex items-center justify-center px-6 py-3 bg-Yellow hover:bg-[#f0c23c] rounded-lg font-Body sm:justify-start"
            >
              Get Started
              <svg
                aria-hidden="true"
                class="svg-inline--fa fa-arrow-right ml-2"
                data-icon="arrow-right"
                data-prefix="fas"
                role="img"
                viewBox="0 0 512 512"
              >
                <path
                  d="M502.6 278.6c12.5-12.5 12.5-32.8 0-45.3l-160-160c-12.5-12.5-32.8-12.5-45.3 0s-12.5 32.8 0 45.3L402.7 224 32 224c-17.7 0-32 14.3-32 32s14.3 32 32 32l370.7 0-105.4 105.4c-12.5 12.5-12.5 32.8 0 45.3s32.8 12.5 45.3 0l160-160z"
                  fill="currentColor"
                />
              </svg>
            </button>
          </a>
        </div>
      </div>
    </main>
    <div
      style="bottom: 0px; left: 0px; width: 100%; height: 50px; background-color: rgb(0, 0, 0); z-index: 99;"
    />
  </div>
</div>
`;
